main.c:160:5:main	112	static
main.c:359:6:SystemClock_Config	88	static
main.c:405:13:MX_I2C1_Init	8	static
main.c:439:13:MX_I2C2_Init	8	static
main.c:473:13:MX_SPI1_Init	8	static
main.c:511:13:MX_TIM1_Init	80	static
main.c:588:13:MX_TIM2_Init	56	static
main.c:638:13:MX_TIM3_Init	56	static
main.c:688:13:MX_TIM4_Init	56	static
main.c:738:13:MX_TIM5_Init	56	static
main.c:789:13:MX_TIM8_Init	80	static
main.c:856:13:MX_DMA_Init	16	static
main.c:899:13:MX_GPIO_Init	40	static
main.c:951:6:Error_Handler	4	static,ignoring_inline_asm
