NRF24L01.c:30:6:CS_Select	8	static
NRF24L01.c:35:6:CS_UnSelect	8	static
NRF24L01.c:41:6:CE_Enable	8	static
NRF24L01.c:46:6:CE_Disable	8	static
NRF24L01.c:54:6:nrf24_WriteReg	24	static
NRF24L01.c:70:6:nrf24_WriteRegMulti	32	static
NRF24L01.c:87:9:nrf24_ReadReg	24	static
NRF24L01.c:105:6:nrf24_ReadReg_Multi	24	static
NRF24L01.c:119:6:nrfsendCmd	16	static
NRF24L01.c:130:6:nrf24_reset	40	static
NRF24L01.c:178:6:NRF24_Init	8	static
NRF24L01.c:209:6:NRF24_TxMode	24	static
NRF24L01.c:232:9:NRF24_Transmit	24	static
NRF24L01.c:271:6:NRF24_RxMode	24	static
NRF24L01.c:311:9:isDataAvailable	24	static
NRF24L01.c:327:6:NRF24_Receive	24	static
NRF24L01.c:362:6:NRF24_ReadAll	32	static
