stm32f4xx_it.c:79:6:NMI_Handler	4	static
stm32f4xx_it.c:94:6:HardFault_Handler	4	static
stm32f4xx_it.c:109:6:MemManage_Handler	4	static
stm32f4xx_it.c:124:6:BusFault_Handler	4	static
stm32f4xx_it.c:139:6:UsageFault_Handler	4	static
stm32f4xx_it.c:154:6:SVC_Handler	4	static
stm32f4xx_it.c:167:6:DebugMon_Handler	4	static
stm32f4xx_it.c:180:6:PendSV_Handler	4	static
stm32f4xx_it.c:193:6:SysTick_Handler	8	static
stm32f4xx_it.c:215:6:DMA1_Stream6_IRQHandler	8	static
stm32f4xx_it.c:229:6:I2C2_EV_IRQHandler	8	static
stm32f4xx_it.c:243:6:I2C2_ER_IRQHandler	8	static
stm32f4xx_it.c:257:6:DMA1_Stream7_IRQHandler	8	static
stm32f4xx_it.c:271:6:TIM5_IRQHandler	8	static
stm32f4xx_it.c:285:6:DMA2_Stream0_IRQHandler	8	static
stm32f4xx_it.c:299:6:DMA2_Stream1_IRQHandler	8	static
stm32f4xx_it.c:313:6:DMA2_Stream2_IRQHandler	8	static
stm32f4xx_it.c:327:6:DMA2_Stream3_IRQHandler	8	static
stm32f4xx_it.c:341:6:DMA2_Stream4_IRQHandler	8	static
stm32f4xx_it.c:355:6:DMA2_Stream5_IRQHandler	8	static
stm32f4xx_it.c:369:6:DMA2_Stream6_IRQHandler	8	static
