NRF24L01.c:22:6:CS_Select	8	static
NRF24L01.c:27:6:CS_UnSelect	8	static
NRF24L01.c:33:6:CE_Enable	8	static
NRF24L01.c:38:6:CE_Disable	8	static
NRF24L01.c:46:6:nrf24_WriteReg	32	static
NRF24L01.c:62:6:nrf24_WriteRegMulti	40	static
NRF24L01.c:79:9:nrf24_ReadReg	32	static
NRF24L01.c:97:6:nrf24_ReadReg_Multi	32	static
NRF24L01.c:111:6:nrfsendCmd	16	static
NRF24L01.c:122:6:nrf24_reset	40	static
NRF24L01.c:170:6:NRF24_Init	8	static
NRF24L01.c:201:6:NRF24_TxMode	32	static
NRF24L01.c:224:9:NRF24_Transmit	40	static
NRF24L01.c:268:6:NRF24_RxMode	32	static
NRF24L01.c:308:9:isDataAvailable	32	static
NRF24L01.c:324:6:NRF24_Receive	32	static
NRF24L01.c:350:6:NRF24_ReadAll	32	static
